# license:BSD-3-Clause
# copyright-holders:Olivier Galibert
fetch
	if(irq_requested) {
		int level;
		for(level = 7; level >= 0 && !(PSW & pending_irq & (1<<level)); level--);
		if(level >= 0)
			pending_irq &= ~(1<<level);
		OP1 = level;
		standard_irq_callback(OP1, PC);
		TMP = reg_r16(0x18);
		TMP -= 2;
		reg_w16(0x18, TMP);
		any_w16(TMP, PC);
		PC = any_r16(0x2000+2*OP1);
		check_irq();
	}
	PPC = PC;
	if(debugger_enabled())
		debugger_instruction_hook(PC);
	OP1 = read_pc();
	if(OP1 == 0xfe) {
		OP1 = read_pc();
		inst_state = 0x100 | OP1;
	} else
		inst_state = OP1;

fetch_196
	if(powerdown || (idle && !irq_requested && !irq_requested_1)) {
		icount = bcount;
		return;
	}
	idle = false;
	if(irq_requested_1) {
		int level;
		for(level = 7; level >= 0 && !((mask_irq_1 | IRQ_NMI) & pending_irq_1 & (1<<level)); level--);
		if(level >= 0)
			pending_irq_1 &= ~(1<<level);
		OP1 = level;
		standard_irq_callback(OP1, PC);
		TMP = reg_r16(0x18);
		TMP -= 2;
		reg_w16(0x18, TMP);
		any_w16(TMP, PC);
		PC = any_r16(0x2030+2*OP1);
		icount -= cycles_scaling * (TMP < 0x100 ? 16 : 18);
		check_irq();
	} else if(irq_requested) {
		int level;
		for(level = 7; level >= 0 && !(PSW & pending_irq & (1<<level)); level--);
		if(level >= 0)
			pending_irq &= ~(1<<level);
		OP1 = level;
		standard_irq_callback(OP1, PC);
		TMP = reg_r16(0x18);
		TMP -= 2;
		reg_w16(0x18, TMP);
		any_w16(TMP, PC);
		PC = any_r16(0x2000+2*OP1);
		icount -= cycles_scaling * (TMP < 0x100 ? 16 : 18);
		check_irq();
	}
	PPC = PC;
	if(machine().debug_flags & DEBUG_FLAG_ENABLED)
		debugger_instruction_hook(PC);
	OP1 = read_pc();
	if(OP1 == 0xfe) {
		OP1 = read_pc();
		inst_state = 0x100 | OP1;
	} else
		inst_state = OP1;

fetch_noirq
	PPC = PC;
	if(machine().debug_flags & DEBUG_FLAG_ENABLED)
		debugger_instruction_hook(PC);
	OP1 = read_pc();
	if(OP1 == 0xfe) {
		OP1 = read_pc();
		inst_state = 0x100 | OP1;
	} else
		inst_state = OP1;

eadr  rel8
	OP1 = int8_t(read_pc());

eadr  rel11
	OP1 = read_pc();
	OP1 = OP1 | ((inst_state & 7) << 8);
	if(OP1 & 0x400)
		OP1 |= 0xfc00;

eadr  rel16
	OP1 = read_pc();
	OP1 |= read_pc() << 8;

eadr  rrel8
	OP2 = read_pc();
	OP1 = int8_t(read_pc());

eadr  brrel8
	OP2 = read_pc();
	OP1 = int8_t(read_pc());

eadr  wrrel8
	OP2 = read_pc();
	OP1 = int8_t(read_pc());

eadr  direct_1b
	OP1 = read_pc();

eadr  direct_2b
	OP1 = read_pc();
	OP2 = read_pc();

eadr  direct_2e
	OP1 = read_pc();
	OP2 = read_pc();

eadr  direct_3b
	OP1 = read_pc();
	OP2 = read_pc();
	OP3 = read_pc();

eadr  direct_3e
	OP1 = read_pc();
	OP2 = read_pc();
	OP3 = read_pc();

eadr  direct_1w
	OP1 = read_pc();

eadr  direct_2w
	OP1 = read_pc();
	OP2 = read_pc();

eadr  direct_3w
	OP1 = read_pc();
	OP2 = read_pc();
	OP3 = read_pc();

eadr  immed_1b
	OP1 = read_pc();

eadr  immed_2b
	OP1 = read_pc();
	OP2 = read_pc();

eadr  immed_2e
	OP1 = read_pc();
	OP2 = read_pc();

eadr  immed_or_reg_2b
	OP1 = read_pc();
	OP2 = read_pc();
	if(OP1 >= 0x10) {
		OP1 = reg_r8(OP1) & 0x1f;
	}

eadr  immed_or_reg_2w
	OP1 = read_pc();
	OP2 = read_pc();
	if(OP1 >= 0x10) {
		OP1 = reg_r8(OP1) & 0x1f;
	}

eadr  immed_3b
	OP1 = read_pc();
	OP2 = read_pc();
	OP3 = read_pc();

eadr  immed_3e
	OP1 = read_pc();
	OP2 = read_pc();
	OP3 = read_pc();

eadr  immed_1w
	OP1 = read_pc();
	OP1 |= read_pc() << 8;

eadr  immed_2w
	OP1 = read_pc();
	OP1 |= read_pc() << 8;
	OP2 = read_pc();

eadr  immed_3w
	OP1 = read_pc();
	OP1 |= read_pc() << 8;
	OP2 = read_pc();
	OP3 = read_pc();

eadr  indirect_2b
	OPI = read_pc();
	OP1 = reg_r16(OPI);
	OP2 = read_pc();

eadr  indirect_3b
	OPI = read_pc();
	OP1 = reg_r16(OPI);
	OP2 = read_pc();
	OP3 = read_pc();

eadr  indirect_3e
	OPI = read_pc();
	OP1 = reg_r16(OPI);
	OP2 = read_pc();
	OP3 = read_pc();

eadr  indirect_1n
	OPI = read_pc() & 0xfe;
	OP1 = reg_r16(OPI);

eadr  indirect_1w
	OPI = read_pc();
	OP1 = reg_r16(OPI);

eadr  indirect_2w
	OPI = read_pc();
	OP1 = reg_r16(OPI);
	OP2 = read_pc();

eadr  indirect_3w
	OPI = read_pc();
	OP1 = reg_r16(OPI);
	OP2 = read_pc();
	OP3 = read_pc();

macro post_indirect $size $cycles1 $cycles2
	if(OPI & 0x01) {
		reg_w16(OPI, OP1 + $size);
		next($cycles2 + (is_196() && OP1 >= 0x100 ? ($cycles1 == 7 ? 3 : 2) : 0));
	} else {
		next($cycles1 + (is_196() && OP1 >= 0x100 ? ($cycles1 == 7 ? 3 : 2) : 0));
	}

macro post_indirect_196 $size $old_normal $old_inc $new_normal $new_inc $ext_normal $ext_inc
	if(OPI & 0x01) {
		reg_w16(OPI, OP1 + $size);
		next_196($old_inc, OP1 < 0x100 ? $new_inc : $ext_inc);
	} else {
		next_196($old_normal, OP1 < 0x100 ? $new_normal : $ext_normal);
	}

eadr  indexed_2b
	OPI = read_pc();
	OP1 = read_pc();
	if(OPI & 0x01) {
		OP1 |= read_pc() << 8;
	} else if(OP1 & 0x80)
		OP1 |= 0xff00;
	if(OPI) {
		OP1 += reg_r16(OPI);
	}
	OP2 = read_pc();

eadr  indexed_3b
	OPI = read_pc();
	OP1 = read_pc();
	if(OPI & 0x01) {
		OP1 |= read_pc() << 8;
	} else if(OP1 & 0x80)
		OP1 |= 0xff00;
	if(OPI) {
		OP1 += reg_r16(OPI);
	}
	OP2 = read_pc();
	OP3 = read_pc();

eadr  indexed_3e
	OPI = read_pc();
	OP1 = read_pc();
	if(OPI & 0x01) {
		OP1 |= read_pc() << 8;
	} else if(OP1 & 0x80)
		OP1 |= 0xff00;
	if(OPI) {
		OP1 += reg_r16(OPI);
	}
	OP2 = read_pc();
	OP3 = read_pc();

eadr  indexed_1w
	OPI = read_pc();
	OP1 = read_pc();
	if(OPI & 0x01) {
		OP1 |= read_pc() << 8;
	} else
		OP1 = int8_t(OP1);
	if(OPI) {
		OP1 += reg_r16(OPI);
	}

eadr  indexed_2w
	OPI = read_pc();
	OP1 = read_pc();
	if(OPI & 0x01) {
		OP1 |= read_pc() << 8;
	} else if(OP1 & 0x80)
		OP1 |= 0xff00;
	if(OPI) {
		OP1 += reg_r16(OPI);
	}
	OP2 = read_pc();

eadr  indexed_3w
	OPI = read_pc();
	OP1 = read_pc();
	if(OPI & 0x01) {
		OP1 |= read_pc() << 8;
	} else if(OP1 & 0x80)
		OP1 |= 0xff00;
	if(OPI) {
		OP1 += reg_r16(OPI);
	}
	OP2 = read_pc();
	OP3 = read_pc();

macro post_indexed $cycles1 $cycles2
	next((OPI & 0x01 ? $cycles2 : $cycles1) + (is_196() && OP1 >= 0x100 ? ($cycles1 == 7 ? 3 : 2) : 0));

macro post_indexed_196 $old_short $old_long $new_short $new_long $ext_short $ext_long
	next_196(OPI & 0x01 ? $old_long : $old_short, OPI & 0x01 ? (OP1 < 0x100 ? $new_long : $ext_long) : (OP1 < 0x100 ? $new_short : $ext_short));

00    skip  immed_1b
	next_196(4, 3);

01    clr   direct_1w
	set_nz16(0);
	reg_w16(OP1, 0x0000);
	next_196(4, 3);

02    not   direct_1w
	TMP = ~reg_r16(OP1);
	set_nz16(TMP);
	reg_w16(OP1, TMP);
	next_196(4, 3);

03    neg   direct_1w
	TMP = reg_r16(OP1);
	reg_w16(OP1, do_sub(0, TMP));
	next_196(4, 3);

05    dec   direct_1w
	TMP = reg_r16(OP1);
	reg_w16(OP1, do_sub(TMP, 1));
	next_196(4, 3);

06    ext   direct_1w
	OP1 &= 0xfc;
	TMP = int16_t(reg_r16(OP1));
	set_nz16(TMP);
	reg_w16(OP1+2, TMP >> 16);
	next(4);

07    inc   direct_1w
	TMP = reg_r16(OP1);
	reg_w16(OP1, do_add(TMP, 1));
	next_196(4, 3);

08    shr   immed_or_reg_2w
	TMP = reg_r16(OP2);
	PSW &= ~(F_Z|F_N|F_C|F_V|F_ST);
	if(OP1 >= 2 && (TMP & (0xffff >> (OP1 <= 16 ? 17-OP1 : 0))))
		PSW |= F_ST;
	if(OP1 >= 1 && OP1 <= 16 && (TMP & (0x0001 << (OP1-1))))
		PSW |= F_C;
	TMP = uint16_t(TMP) >> OP1;
	if(!TMP)
		PSW |= F_Z;
	else if(int16_t(TMP) < 0)
		PSW |= F_N;
	reg_w16(OP2, TMP);
	next_196(OP1 ? 7+OP1 : 8, OP1 ? 6+OP1 : 7);

09    shl   immed_or_reg_2w
	TMP = reg_r16(OP2);
	PSW &= ~(F_Z|F_N|F_C|F_V);
	if(OP1 >= 1 && OP1 <= 16 && (TMP & (0x8000 >> (OP1-1))))
		PSW |= F_C;
	set_shift_left_overflow(TMP, 16, OP1);
	TMP = uint16_t(TMP << OP1);
	if(!TMP)
		PSW |= F_Z;
	else if(int16_t(TMP) < 0)
		PSW |= F_N;
	reg_w16(OP2, TMP);
	next_196(OP1 ? 7+OP1 : 8, OP1 ? 6+OP1 : 7);

0a    shra  immed_or_reg_2w
	TMP = reg_r16(OP2);
	PSW &= ~(F_Z|F_N|F_C|F_V|F_ST);
	if(OP1 >= 2 && (TMP & (0xffff >> (OP1 <= 16 ? 17-OP1 : 0))))
		PSW |= F_ST;
	if(OP1 >= 1 && OP1 <= 16 && (TMP & (0x0001 << (OP1-1))))
		PSW |= F_C;
	else if(OP1 > 16 && (TMP & 0x8000))
		PSW |= F_C;
	TMP = int16_t(TMP) >> OP1;
	if(!TMP)
		PSW |= F_Z;
	else if(int16_t(TMP) < 0)
		PSW |= F_N;
	reg_w16(OP2, TMP);
	next_196(OP1 ? 7+OP1 : 8, OP1 ? 6+OP1 : 7);

0c    shrl  immed_or_reg_2w
	OP2 &= 0xfc;
	TMP = reg_r16(OP2);
	TMP |= uint32_t(reg_r16(OP2+2)) << 16;
	PSW &= ~(F_Z|F_N|F_C|F_V|F_ST);
	if(OP1 >= 2 && (TMP & (0xffffffff >> (33-OP1))))
		PSW |= F_ST;
	if(OP1 >= 1 && (TMP & (0x00000001 << (OP1-1))))
		PSW |= F_C;
	TMP = TMP >> OP1;
	if(!TMP)
		PSW |= F_Z;
	else if(int32_t(TMP) < 0)
		PSW |= F_N;
	reg_w16(OP2, TMP);
	reg_w16(OP2+2, TMP >> 16);
	next(OP1 ? 7+OP1 : 8);

0d    shll  immed_or_reg_2w
	OP2 &= 0xfc;
	TMP = reg_r16(OP2);
	TMP |= uint32_t(reg_r16(OP2+2)) << 16;
	PSW &= ~(F_Z|F_N|F_C|F_V);
	if(OP1 >= 1 && (TMP & (0x80000000 >> (OP1-1))))
		PSW |= F_C;
	set_shift_left_overflow(TMP, 32, OP1);
	TMP = TMP << OP1;
	if(!TMP)
		PSW |= F_Z;
	else if(int32_t(TMP) < 0)
		PSW |= F_N;
	reg_w16(OP2, TMP);
	reg_w16(OP2+2, TMP >> 16);
	next(OP1 ? 7+OP1 : 8);

0e    shral immed_or_reg_2w
	OP2 &= 0xfc;
	TMP = reg_r16(OP2);
	TMP |= uint32_t(reg_r16(OP2+2)) << 16;
	PSW &= ~(F_Z|F_N|F_C|F_V|F_ST);
	if(OP1 >= 2 && (TMP & (0xffffffff >> (33-OP1))))
		PSW |= F_ST;
	if(OP1 >= 1 && (TMP & (0x00000001 << (OP1-1))))
		PSW |= F_C;
	TMP = int32_t(TMP) >> OP1;
	if(!TMP)
		PSW |= F_Z;
	else if(int32_t(TMP) < 0)
		PSW |= F_N;
	reg_w16(OP2, TMP);
	reg_w16(OP2+2, TMP >> 16);
	next(OP1 ? 7+OP1 : 8);

0f    norml direct_2e
	OP2 &= 0xfc;
	TMP = reg_r16(OP2);
	TMP |= uint32_t(reg_r16(OP2+2)) << 16;
	for(OP3 = 0; OP3 < 31 && int32_t(TMP) >= 0; TMP <<= 1, OP3++);
	PSW &= ~(F_Z|F_N|F_C);
	if(!TMP)
		PSW |= F_Z;
	else if(int32_t(TMP) < 0)
		PSW |= F_N;
	reg_w8(OP1, OP3);
	reg_w16(OP2, TMP);
	reg_w16(OP2+2, TMP >> 16);
	next_196(11+OP3, OP3 ? 8+OP3 : 9);

11    clrb  direct_1b
	set_nz8(0);
	reg_w8(OP1, 0x00);
	next_196(4, 3);

12    notb  direct_1b
	TMP = ~reg_r8(OP1);
	set_nz8(TMP);
	reg_w8(OP1, TMP);
	next_196(4, 3);

13    negb  direct_1b
	TMP = reg_r8(OP1);
	reg_w8(OP1, do_subb(0, TMP));
	next_196(4, 3);

15    decb  direct_1b
	TMP = reg_r8(OP1);
	reg_w8(OP1, do_subb(TMP, 1));
	next_196(4, 3);

16    extb  direct_1b
	OP1 &= 0xfe;
	TMP = int8_t(reg_r8(OP1));
	set_nz8(TMP);
	reg_w16(OP1, TMP);
	next(4);

17    incb  direct_1b
	TMP = reg_r8(OP1);
	reg_w8(OP1, do_addb(TMP, 1));
	next_196(4, 3);

18    shrb  immed_or_reg_2b
	TMP = reg_r8(OP2);
	PSW &= ~(F_Z|F_N|F_C|F_V|F_ST);
	if(OP1 >= 2 && (TMP & (0xff >> (OP1 <= 8 ? 9-OP1 : 0))))
		PSW |= F_ST;
	if(OP1 >= 1 && OP1 <= 8 && (TMP & (0x01 << (OP1-1))))
		PSW |= F_C;
	TMP = uint8_t(TMP) >> OP1;
	if(!TMP)
		PSW |= F_Z;
	else if(int8_t(TMP) < 0)
		PSW |= F_N;
	reg_w8(OP2, TMP);
	next_196(OP1 ? 7+OP1 : 8, OP1 ? 6+OP1 : 7);

19    shlb  immed_or_reg_2b
	TMP = reg_r8(OP2);
	PSW &= ~(F_Z|F_N|F_C|F_V);
	if(OP1 >= 1 && OP1 <= 8 && (TMP & (0x80 >> (OP1-1))))
		PSW |= F_C;
	set_shift_left_overflow(TMP, 8, OP1);
	TMP = uint8_t(TMP << OP1);
	if(!TMP)
		PSW |= F_Z;
	else if(int8_t(TMP) < 0)
		PSW |= F_N;
	reg_w8(OP2, TMP);
	next_196(OP1 ? 7+OP1 : 8, OP1 ? 6+OP1 : 7);

1a    shrab immed_or_reg_2b
	TMP = reg_r8(OP2);
	PSW &= ~(F_Z|F_N|F_C|F_V|F_ST);
	if(OP1 >= 2 && (TMP & (0xff >> (OP1 <= 8 ? 9-OP1 : 0))))
		PSW |= F_ST;
	if(OP1 >= 1 && OP1 <= 8 && (TMP & (0x01 << (OP1-1))))
		PSW |= F_C;
	else if(OP1 > 8 && (TMP & 0x80))
		PSW |= F_C;
	TMP = uint8_t(int8_t(TMP) >> OP1);
	if(!TMP)
		PSW |= F_Z;
	else if(int8_t(TMP) < 0)
		PSW |= F_N;
	reg_w8(OP2, TMP);
	next_196(OP1 ? 7+OP1 : 8, OP1 ? 6+OP1 : 7);

20-27 sjmp  rel11
	PC += OP1;
	next_196(8, 7);

28-2f scall rel11
	TMP = reg_r16(0x18);
	TMP -= 2;
	reg_w16(0x18, TMP);
	any_w16(TMP, PC);
	PC += OP1;
	next_196(13, TMP < 0x100 ? 11 : 13);

30-37 jbc   brrel8
	TMP = reg_r8(OP2);
	if(!((TMP >> (inst_state & 7)) & 1)) {
		PC += OP1;
		next(9);
	} else {
		next(5);
	}

38-3f jbs   brrel8
	TMP = reg_r8(OP2);
	if((TMP >> (inst_state & 7)) & 1) {
		PC += OP1;
		next(9);
	} else {
		next(5);
	}

40    and   direct_3w
	TMP = reg_r16(OP1);
	TMP &= reg_r16(OP2);
	set_nz16(TMP);
	reg_w16(OP3, TMP);
	next(5);

41    and   immed_3w
	TMP = OP1 & reg_r16(OP2);
	set_nz16(TMP);
	reg_w16(OP3, TMP);
	next(6);

42    and   indirect_3w
	TMP = any_r16(OP1);
	TMP &= reg_r16(OP2);
	set_nz16(TMP);
	reg_w16(OP3, TMP);
	post_indirect 2 7 8 // +5 when external

43    and   indexed_3w
	TMP = any_r16(OP1);
	TMP &= reg_r16(OP2);
	set_nz16(TMP);
	reg_w16(OP3, TMP);
	post_indexed 7 8 // +5 when external

44    add   direct_3w
	TMP = reg_r16(OP1);
	TMP = do_add(reg_r16(OP2), TMP);
	reg_w16(OP3, TMP);
	next(5);

45    add   immed_3w
	TMP = do_add(reg_r16(OP2), OP1);
	reg_w16(OP3, TMP);
	next(6);

46    add   indirect_3w
	TMP = any_r16(OP1);
	TMP = do_add(reg_r16(OP2), TMP);
	reg_w16(OP3, TMP);
	post_indirect 2 7 8 // +5 when external

47    add   indexed_3w
	TMP = any_r16(OP1);
	TMP = do_add(reg_r16(OP2), TMP);
	reg_w16(OP3, TMP);
	post_indexed 7 8 // +5 when external

48    sub   direct_3w
	TMP = reg_r16(OP1);
	TMP = do_sub(reg_r16(OP2), TMP);
	reg_w16(OP3, TMP);
	next(5);

49    sub   immed_3w
	TMP = do_sub(reg_r16(OP2), OP1);
	reg_w16(OP3, TMP);
	next(6);

4a    sub   indirect_3w
	TMP = any_r16(OP1);
	TMP = do_sub(reg_r16(OP2), TMP);
	reg_w16(OP3, TMP);
	post_indirect 2 7 8 // +5 when external

4b    sub   indexed_3w
	TMP = any_r16(OP1);
	TMP = do_sub(reg_r16(OP2), TMP);
	reg_w16(OP3, TMP);
	post_indexed 7 8 // +5 when external

4c    mulu  direct_3w
	TMP = reg_r16(OP1);
	TMP *= reg_r16(OP2);
	OP3 &= 0xfc;
	reg_w16(OP3, TMP);
	reg_w16(OP3+2, TMP >> 16);
	next_196(26, 14);

4d    mulu  immed_3w
	TMP = OP1 * reg_r16(OP2);
	OP3 &= 0xfc;
	reg_w16(OP3, TMP);
	reg_w16(OP3+2, TMP >> 16);
	next_196(27, 15);

4e    mulu  indirect_3w
	TMP = any_r16(OP1);
	TMP *= reg_r16(OP2);
	OP3 &= 0xfc;
	reg_w16(OP3, TMP);
	reg_w16(OP3+2, TMP >> 16);
	post_indirect_196 2 28 29 16 17 19 19

4f    mulu  indexed_3w
	TMP = any_r16(OP1);
	TMP *= reg_r16(OP2);
	OP3 &= 0xfc;
	reg_w16(OP3, TMP);
	reg_w16(OP3+2, TMP >> 16);
	post_indexed_196 28 29 17 18 20 21

fe4c  mul   direct_3w
	TMP = reg_r16(OP1);
	TMP = int16_t(reg_r16(OP2)) * int16_t(TMP);
	OP3 &= 0xfc;
	reg_w16(OP3, TMP);
	reg_w16(OP3+2, TMP >> 16);
	next_196(30, 16);

fe4d  mul   immed_3w
	TMP = int16_t(OP1) * int16_t(reg_r16(OP2));
	OP3 &= 0xfc;
	reg_w16(OP3, TMP);
	reg_w16(OP3+2, TMP >> 16);
	next_196(31, 17);

fe4e  mul   indirect_3w
	TMP = any_r16(OP1);
	TMP = int16_t(reg_r16(OP2)) * int16_t(TMP);
	OP3 &= 0xfc;
	reg_w16(OP3, TMP);
	reg_w16(OP3+2, TMP >> 16);
	post_indirect_196 2 32 33 18 19 21 22

fe4f  mul   indexed_3w
	TMP = any_r16(OP1);
	TMP = int16_t(reg_r16(OP2)) * int16_t(TMP);
	OP3 &= 0xfc;
	reg_w16(OP3, TMP);
	reg_w16(OP3+2, TMP >> 16);
	post_indexed_196 32 33 19 20 22 23

50    andb  direct_3b
	TMP = reg_r8(OP1);
	TMP &= reg_r8(OP2);
	set_nz8(TMP);
	reg_w8(OP3, TMP);
	next(5);

51    andb  immed_3b
	TMP = OP1 & reg_r8(OP2);
	set_nz8(TMP);
	reg_w8(OP3, TMP);
	next(5);

52    andb  indirect_3b
	TMP = any_r8(OP1);
	TMP &= reg_r8(OP2);
	set_nz8(TMP);
	reg_w8(OP3, TMP);
	post_indirect 1 7 8 // +5 when external

53    andb  indexed_3b
	TMP = any_r8(OP1);
	TMP &= reg_r8(OP2);
	set_nz8(TMP);
	reg_w8(OP3, TMP);
	post_indexed 7 8 // +5 when external

54    addb  direct_3b
	TMP = reg_r8(OP1);
	TMP = do_addb(reg_r8(OP2), TMP);
	reg_w8(OP3, TMP);
	next(5);

55    addb  immed_3b
	TMP = do_addb(reg_r8(OP2), OP1);
	reg_w8(OP3, TMP);
	next(5);

56    addb  indirect_3b
	TMP = any_r8(OP1);
	TMP = do_addb(reg_r8(OP2), TMP);
	reg_w8(OP3, TMP);
	post_indirect 1 7 8 // +5 when external

57    addb  indexed_3b
	TMP = any_r8(OP1);
	TMP = do_addb(reg_r8(OP2), TMP);
	reg_w8(OP3, TMP);
	post_indexed 7 8 // +5 when external

58    subb  direct_3b
	TMP = reg_r8(OP1);
	TMP = do_subb(reg_r8(OP2), TMP);
	reg_w8(OP3, TMP);
	next(5);

59    subb  immed_3b
	TMP = do_subb(reg_r8(OP2), OP1);
	reg_w8(OP3, TMP);
	next(5);

5a    subb  indirect_3b
	TMP = any_r8(OP1);
	TMP = do_subb(reg_r8(OP2), TMP);
	reg_w8(OP3, TMP);
	post_indirect 1 7 8 // +5 when external

5b    subb  indexed_3b
	TMP = any_r8(OP1);
	TMP = do_subb(reg_r8(OP2), TMP);
	reg_w8(OP3, TMP);
	post_indexed 7 8 // +5 when external

5c    mulub direct_3e
	TMP = reg_r8(OP1);
	TMP *= reg_r8(OP2);
	reg_w16(OP3, TMP);
	next_196(18, 10);

5d    mulub immed_3e
	TMP = OP1 * reg_r8(OP2);
	reg_w16(OP3, TMP);
	next_196(18, 10);

5e    mulub indirect_3e
	TMP = any_r8(OP1);
	TMP *= reg_r8(OP2);
	reg_w16(OP3, TMP);
	post_indirect_196 1 20 21 12 12 15 16

5f    mulub indexed_3e
	TMP = any_r8(OP1);
	TMP *= reg_r8(OP2);
	reg_w16(OP3, TMP);
	post_indexed_196 20 21 12 14 16 17

fe5c  mulb  direct_3e
	TMP = reg_r8(OP1);
	TMP = int8_t(reg_r8(OP2)) * int8_t(TMP);
	reg_w16(OP3, TMP);
	next_196(22, 12);

fe5d  mulb  immed_3e
	TMP = int8_t(OP1) * int8_t(reg_r8(OP2));
	reg_w16(OP3, TMP);
	next_196(22, 12);

fe5e  mulb  indirect_3e
	TMP = any_r8(OP1);
	TMP = int8_t(reg_r8(OP2)) * int8_t(TMP);
	reg_w16(OP3, TMP);
	post_indirect_196 1 24 25 14 13 17 15

fe5f  mulb  indexed_3e
	TMP = any_r8(OP1);
	TMP = int8_t(reg_r8(OP2)) * int8_t(TMP);
	reg_w16(OP3, TMP);
	post_indexed_196 24 25 15 16 18 19

60    and   direct_2w
	TMP = reg_r16(OP1);
	TMP &= reg_r16(OP2);
	set_nz16(TMP);
	reg_w16(OP2, TMP);
	next(4);

61    and   immed_2w
	TMP = OP1 & reg_r16(OP2);
	set_nz16(TMP);
	reg_w16(OP2, TMP);
	next(5);

62    and   indirect_2w
	TMP = any_r16(OP1);
	TMP &= reg_r16(OP2);
	set_nz16(TMP);
	reg_w16(OP2, TMP);
	post_indirect 2 6 7 // +5 when external

63    and   indexed_2w
	TMP = any_r16(OP1);
	TMP &= reg_r16(OP2);
	set_nz16(TMP);
	reg_w16(OP2, TMP);
	post_indexed 6 7 // +5 when external

64    add   direct_2w
	TMP = reg_r16(OP1);
	TMP = do_add(reg_r16(OP2), TMP);
	reg_w16(OP2, TMP);
	next(4);

65    add   immed_2w
	TMP = do_add(reg_r16(OP2), OP1);
	reg_w16(OP2, TMP);
	next(5);

66    add   indirect_2w
	TMP = any_r16(OP1);
	TMP = do_add(reg_r16(OP2), TMP);
	reg_w16(OP2, TMP);
	post_indirect 2 6 7 // +5 when external

67    add   indexed_2w
	TMP = any_r16(OP1);
	TMP = do_add(reg_r16(OP2), TMP);
	reg_w16(OP2, TMP);
	post_indexed 6 7 // +5 when external

68    sub   direct_2w
	TMP = reg_r16(OP1);
	TMP = do_sub(reg_r16(OP2), TMP);
	reg_w16(OP2, TMP);
	next(4);

69    sub   immed_2w
	TMP = do_sub(reg_r16(OP2), OP1);
	reg_w16(OP2, TMP);
	next(5);

6a    sub   indirect_2w
	TMP = any_r16(OP1);
	TMP = do_sub(reg_r16(OP2), TMP);
	reg_w16(OP2, TMP);
	post_indirect 2 6 7 // +5 when external

6b    sub   indexed_2w
	TMP = any_r16(OP1);
	TMP = do_sub(reg_r16(OP2), TMP);
	reg_w16(OP2, TMP);
	post_indexed 6 7 // +5 when external

6c    mulu  direct_2w
	OP2 &= 0xfc;
	TMP = reg_r16(OP1);
	TMP *= reg_r16(OP2);
	reg_w16(OP2, TMP);
	reg_w16(OP2+2, TMP >> 16);
	next_196(25, 14);

6d    mulu  immed_2w
	OP2 &= 0xfc;
	TMP = OP1 * reg_r16(OP2);
	reg_w16(OP2, TMP);
	reg_w16(OP2+2, TMP >> 16);
	next_196(26, 15);

6e    mulu  indirect_2w
	OP2 &= 0xfc;
	TMP = any_r16(OP1);
	TMP *= reg_r16(OP2);
	reg_w16(OP2, TMP);
	reg_w16(OP2+2, TMP >> 16);
	post_indirect_196 2 27 28 16 17 19 19

6f    mulu  indexed_2w
	OP2 &= 0xfc;
	TMP = any_r16(OP1);
	TMP *= reg_r16(OP2);
	reg_w16(OP2, TMP);
	reg_w16(OP2+2, TMP >> 16);
	post_indexed_196 27 28 17 18 20 21

fe6c  mul   direct_2w
	OP2 &= 0xfc;
	TMP = reg_r16(OP1);
	TMP = int16_t(reg_r16(OP2)) * int16_t(TMP);
	reg_w16(OP2, TMP);
	reg_w16(OP2+2, TMP >> 16);
	next_196(29, 16);

fe6d  mul   immed_2w
	OP2 &= 0xfc;
	TMP = int16_t(OP1) * int16_t(reg_r16(OP2));
	reg_w16(OP2, TMP);
	reg_w16(OP2+2, TMP >> 16);
	next_196(30, 17);

fe6e  mul   indirect_2w
	OP2 &= 0xfc;
	TMP = any_r16(OP1);
	TMP = int16_t(reg_r16(OP2)) * int16_t(TMP);
	reg_w16(OP2, TMP);
	reg_w16(OP2+2, TMP >> 16);
	post_indirect_196 2 31 32 18 19 21 22

fe6f  mul   indexed_2w
	OP2 &= 0xfc;
	TMP = any_r16(OP1);
	TMP = int16_t(reg_r16(OP2)) * int16_t(TMP);
	reg_w16(OP2, TMP);
	reg_w16(OP2+2, TMP >> 16);
	post_indexed_196 31 32 19 20 22 23

70    andb  direct_2b
	TMP = reg_r8(OP1);
	TMP &= reg_r8(OP2);
	set_nz8(TMP);
	reg_w8(OP2, TMP);
	next(4);

71    andb  immed_2b
	TMP = OP1 & reg_r8(OP2);
	set_nz8(TMP);
	reg_w8(OP2, TMP);
	next(4);

72    andb  indirect_2b
	TMP = any_r8(OP1);
	TMP &= reg_r8(OP2);
	set_nz8(TMP);
	reg_w8(OP2, TMP);
	post_indirect 1 6 7 // +5 when external

73    andb  indexed_2b
	TMP = any_r8(OP1);
	TMP &= reg_r8(OP2);
	set_nz8(TMP);
	reg_w8(OP2, TMP);
	post_indexed 6 7 // +5 when external

74    addb  direct_2b
	TMP = reg_r8(OP1);
	TMP = do_addb(reg_r8(OP2), TMP);
	reg_w8(OP2, TMP);
	next(4);

75    addb  immed_2b
	TMP = do_addb(reg_r8(OP2), OP1);
	reg_w8(OP2, TMP);
	next(4);

76    addb  indirect_2b
	TMP = any_r8(OP1);
	TMP = do_addb(reg_r8(OP2), TMP);
	reg_w8(OP2, TMP);
	post_indirect 1 6 7 // +5 when external

77    addb  indexed_2b
	TMP = any_r8(OP1);
	TMP = do_addb(reg_r8(OP2), TMP);
	reg_w8(OP2, TMP);
	post_indexed 6 7 // +5 when external

78    subb  direct_2b
	TMP = reg_r8(OP1);
	TMP = do_subb(reg_r8(OP2), TMP);
	reg_w8(OP2, TMP);
	next(4);

79    subb  immed_2b
	TMP = do_subb(reg_r8(OP2), OP1);
	reg_w8(OP2, TMP);
	next(4);

7a    subb  indirect_2b
	TMP = any_r8(OP1);
	TMP = do_subb(reg_r8(OP2), TMP);
	reg_w8(OP2, TMP);
	post_indirect 1 6 7 // +5 when external

7b    subb  indexed_2b
	TMP = any_r8(OP1);
	TMP = do_subb(reg_r8(OP2), TMP);
	reg_w8(OP2, TMP);
	post_indexed 6 7 // +5 when external

7c    mulub direct_2b
	OP2 &= 0xfe;
	TMP = reg_r8(OP1);
	TMP *= reg_r8(OP2);
	reg_w16(OP2, TMP);
	next_196(17, 10);

7d    mulub immed_2b
	OP2 &= 0xfe;
	TMP = OP1 * reg_r8(OP2);
	reg_w16(OP2, TMP);
	next_196(17, 10);

7e    mulub indirect_2b
	OP2 &= 0xfe;
	TMP = any_r8(OP1);
	TMP *= reg_r8(OP2);
	reg_w16(OP2, TMP);
	post_indirect_196 1 19 20 12 13 15 15

7f    mulub indexed_2b
	OP2 &= 0xfe;
	TMP = any_r8(OP1);
	TMP *= reg_r8(OP2);
	reg_w16(OP2, TMP);
	post_indexed_196 19 20 12 14 16 17

fe7c  mulb  direct_2b
	OP2 &= 0xfe;
	TMP = int8_t(reg_r8(OP1)) * int8_t(reg_r8(OP2));
	reg_w16(OP2, TMP);
	next_196(21, 12);

fe7d  mulb  immed_2b
	OP2 &= 0xfe;
	TMP = int8_t(OP1) * int8_t(reg_r8(OP2));
	reg_w16(OP2, TMP);
	next_196(21, 12);

fe7e  mulb  indirect_2b
	OP2 &= 0xfe;
	TMP = any_r8(OP1);
	TMP = int8_t(reg_r8(OP2)) * int8_t(TMP);
	reg_w16(OP2, TMP);
	post_indirect_196 1 23 24 14 15 17 18

fe7f  mulb  indexed_2b
	OP2 &= 0xfe;
	TMP = int8_t(any_r8(OP1)) * int8_t(reg_r8(OP2));
	reg_w16(OP2, TMP);
	post_indexed_196 23 24 15 16 18 19

80    or    direct_2w
	TMP = reg_r16(OP1);
	TMP |= reg_r16(OP2);
	set_nz16(TMP);
	reg_w16(OP2, TMP);
	next(4);

81    or    immed_2w
	TMP = OP1 | reg_r16(OP2);
	set_nz16(TMP);
	reg_w16(OP2, TMP);
	next(5);

82    or    indirect_2w
	TMP = any_r16(OP1);
	TMP |= reg_r16(OP2);
	set_nz16(TMP);
	reg_w16(OP2, TMP);
	post_indirect 2 6 7 // +5 when external

83    or    indexed_2w
	TMP = any_r16(OP1);
	TMP |= reg_r16(OP2);
	set_nz16(TMP);
	reg_w16(OP2, TMP);
	post_indexed 6 7 // +5 when external

84    xor   direct_2w
	TMP = reg_r16(OP1);
	TMP ^= reg_r16(OP2);
	set_nz16(TMP);
	reg_w16(OP2, TMP);
	next(4);

85    xor   immed_2w
	TMP = OP1 ^ reg_r16(OP2);
	set_nz16(TMP);
	reg_w16(OP2, TMP);
	next(5);

86    xor   indirect_2w
	TMP = any_r16(OP1);
	TMP ^= reg_r16(OP2);
	set_nz16(TMP);
	reg_w16(OP2, TMP);
	post_indirect 2 6 7 // +5 when external

87    xor   indexed_2w
	TMP = any_r16(OP1);
	TMP ^= reg_r16(OP2);
	set_nz16(TMP);
	reg_w16(OP2, TMP);
	post_indexed 6 7 // +5 when external

88    cmp   direct_2w
	TMP = reg_r16(OP1);
	do_sub(reg_r16(OP2), TMP);
	next(4);

89    cmp   immed_2w
	do_sub(reg_r16(OP2), OP1);
	next(5);

8a    cmp   indirect_2w
	TMP = any_r16(OP1);
	do_sub(reg_r16(OP2), TMP);
	post_indirect 2 6 7 // +5 when external

8b    cmp   indexed_2w
	TMP = any_r16(OP1);
	do_sub(reg_r16(OP2), TMP);
	post_indexed 6 7 // +5 when external

8c    divu  direct_2w
	OP2 &= 0xfc;
	PSW &= ~F_V;
	OP1 = reg_r16(OP1);
	if(OP1) {
		TMP = reg_r16(OP2);
		TMP |= uint32_t(reg_r16(OP2+2)) << 16;
		uint32_t TMP2 = TMP / OP1;
		if(TMP2 > 65535)
			PSW |= F_V|F_VT;
		TMP = TMP % OP1;
		TMP = (TMP2 & 0xffff) | ((TMP & 0xffff) << 16);
		reg_w16(OP2, TMP);
		reg_w16(OP2+2, TMP >> 16);
	}
	else {
		PSW |= F_V | F_VT;
	}
	next_196(25, 24);

8d    divu  immed_2w
	OP2 &= 0xfc;
	PSW &= ~F_V;
	if(OP1) {
		TMP = reg_r16(OP2);
		TMP |= uint32_t(reg_r16(OP2+2)) << 16;
		uint32_t TMP2 = TMP / OP1;
		if(TMP2 > 65535)
			PSW |= F_V|F_VT;
		TMP = TMP % OP1;
		TMP = (TMP2 & 0xffff) | ((TMP & 0xffff) << 16);
		reg_w16(OP2, TMP);
		reg_w16(OP2+2, TMP >> 16);
	}
	else {
		PSW |= F_V | F_VT;
	}
	next_196(26, 25);

8e    divu  indirect_2w
	OP2 &= 0xfc;
	PSW &= ~F_V;
	uint32_t d = any_r16(OP1);
	if(d) {
		TMP = reg_r16(OP2);
		TMP |= uint32_t(reg_r16(OP2+2)) << 16;
		uint32_t TMP2 = TMP / d;
		if(TMP2 > 65535)
			PSW |= F_V|F_VT;
		TMP = TMP % d;
		TMP = (TMP2 & 0xffff) | ((TMP & 0xffff) << 16);
		reg_w16(OP2, TMP);
		reg_w16(OP2+2, TMP >> 16);
	}
	else {
		PSW |= F_V | F_VT;
	}
	post_indirect_196 2 28 29 26 27 29 30

8f    divu  indexed_2w
	OP2 &= 0xfc;
	PSW &= ~F_V;
	uint32_t d = any_r16(OP1);
	if(d) {
		TMP = reg_r16(OP2);
		TMP |= uint32_t(reg_r16(OP2+2)) << 16;
		uint32_t TMP2 = TMP / d;
		if(TMP2 > 65535)
			PSW |= F_V|F_VT;
		TMP = TMP % d;
		TMP = (TMP2 & 0xffff) | ((TMP & 0xffff) << 16);
		reg_w16(OP2, TMP);
		reg_w16(OP2+2, TMP >> 16);
	}
	else {
		PSW |= F_V | F_VT;
	}
	post_indexed_196 28 29 27 28 30 31

fe8c  div   direct_2w
	OP2 &= 0xfc;
	PSW &= ~F_V;
	OP1 = reg_r16(OP1);
	if(OP1) {
		TMP = reg_r16(OP2);
		TMP |= uint32_t(reg_r16(OP2+2)) << 16;
		int64_t const dividend = int32_t(TMP);
		int64_t const divisor = int16_t(OP1);
		int64_t const TMP2 = dividend / divisor;
		if(TMP2 > 32767 || TMP2 < -32768)
			PSW |= F_V|F_VT;
		int64_t const remainder = dividend % divisor;
		TMP = (uint32_t(TMP2) & 0xffff) | ((uint32_t(remainder) & 0xffff) << 16);
		reg_w16(OP2, TMP);
		reg_w16(OP2+2, TMP >> 16);
	}
	else {
		PSW |= F_V | F_VT;
	}
	next_196(30, 26);

fe8d  div   immed_2w
	OP2 &= 0xfc;
	PSW &= ~F_V;
	if(OP1) {
		TMP = reg_r16(OP2);
		TMP |= uint32_t(reg_r16(OP2+2)) << 16;
		int64_t const dividend = int32_t(TMP);
		int64_t const divisor = int16_t(OP1);
		int64_t const TMP2 = dividend / divisor;
		if(TMP2 > 32767 || TMP2 < -32768)
			PSW |= F_V|F_VT;
		int64_t const remainder = dividend % divisor;
		TMP = (uint32_t(TMP2) & 0xffff) | ((uint32_t(remainder) & 0xffff) << 16);
		reg_w16(OP2, TMP);
		reg_w16(OP2+2, TMP >> 16);
	}
	else {
		PSW |= F_V | F_VT;
	}
	next_196(30, 27);

fe8e  div   indirect_2w
	OP2 &= 0xfc;
	PSW &= ~F_V;
	int32_t d = int16_t(any_r16(OP1));
	if(d) {
		TMP = reg_r16(OP2);
		TMP |= uint32_t(reg_r16(OP2+2)) << 16;
		int64_t const dividend = int32_t(TMP);
		int64_t const TMP2 = dividend / d;
		if(TMP2 > 32767 || TMP2 < -32768)
			PSW |= F_V|F_VT;
		int64_t const remainder = dividend % d;
		TMP = (uint32_t(TMP2) & 0xffff) | ((uint32_t(remainder) & 0xffff) << 16);
		reg_w16(OP2, TMP);
		reg_w16(OP2+2, TMP >> 16);
	}
	else {
		PSW |= F_V | F_VT;
	}
	post_indirect_196 2 32 33 28 29 31 32

fe8f  div   indexed_2w
	OP2 &= 0xfc;
	PSW &= ~F_V;
	int32_t d = int16_t(any_r16(OP1));
	if(d) {
		TMP = reg_r16(OP2);
		TMP |= uint32_t(reg_r16(OP2+2)) << 16;
		int64_t const dividend = int32_t(TMP);
		int64_t const TMP2 = dividend / d;
		if(TMP2 > 32767 || TMP2 < -32768)
			PSW |= F_V|F_VT;
		int64_t const remainder = dividend % d;
		TMP = (uint32_t(TMP2) & 0xffff) | ((uint32_t(remainder) & 0xffff) << 16);
		reg_w16(OP2, TMP);
		reg_w16(OP2+2, TMP >> 16);
	}
	else {
		PSW |= F_V | F_VT;
	}
	post_indexed_196 32 33 29 30 32 33

90    orb   direct_2b
	TMP = reg_r8(OP1);
	TMP |= reg_r8(OP2);
	set_nz8(TMP);
	reg_w8(OP2, TMP);
	next(4);

91    orb   immed_2b
	TMP = OP1 | reg_r8(OP2);
	set_nz8(TMP);
	reg_w8(OP2, TMP);
	next(4);

92    orb   indirect_2b
	TMP = any_r8(OP1);
	TMP |= reg_r8(OP2);
	set_nz8(TMP);
	reg_w8(OP2, TMP);
	post_indirect 1 6 7 // +5 when external

93    orb   indexed_2b
	TMP = any_r8(OP1);
	TMP |= reg_r8(OP2);
	set_nz8(TMP);
	reg_w8(OP2, TMP);
	post_indexed 6 7 // +5 when external

94    xorb  direct_2b
	TMP = reg_r8(OP1);
	TMP ^= reg_r8(OP2);
	set_nz8(TMP);
	reg_w8(OP2, TMP);
	next(4);

95    xorb  immed_2b
	TMP = OP1 ^ reg_r8(OP2);
	set_nz8(TMP);
	reg_w8(OP2, TMP);
	next(4);

96    xorb  indirect_2b
	TMP = any_r8(OP1);
	TMP ^= reg_r8(OP2);
	set_nz8(TMP);
	reg_w8(OP2, TMP);
	post_indirect 1 6 7 // +5 when external

97    xorb  indexed_2b
	TMP = any_r8(OP1);
	TMP ^= reg_r8(OP2);
	set_nz8(TMP);
	reg_w8(OP2, TMP);
	post_indexed 6 7 // +5 when external

98    cmpb  direct_2b
	TMP = reg_r8(OP1);
	do_subb(reg_r8(OP2), TMP);
	next(4);

99    cmpb  immed_2b
	do_subb(reg_r8(OP2), OP1);
	next(4);

9a    cmpb  indirect_2b
	TMP = any_r8(OP1);
	do_subb(reg_r8(OP2), TMP);
	post_indirect 1 6 7 // +5 when external

9b    cmpb  indexed_2b
	TMP = any_r8(OP1);
	do_subb(reg_r8(OP2), TMP);
	post_indexed 6 7 // +5 when external

9c    divub direct_2e
	PSW &= ~F_V;
	OP1 = reg_r8(OP1);
	if(OP1) {
		TMP = reg_r16(OP2);
		uint32_t TMP2 = TMP / OP1;
		if(TMP2 > 255)
			PSW |= F_V|F_VT;
		TMP = TMP % OP1;
		TMP = (TMP2 & 0xff) | ((TMP & 0xff) << 8);
		reg_w16(OP2, TMP);
	}
	else {
		PSW |= F_V | F_VT;
	}
	next_196(17, 16);

9d    divub immed_2e
	PSW &= ~F_V;
	if(OP1) {
		TMP = reg_r16(OP2);
		uint32_t TMP2 = TMP / OP1;
		if(TMP2 > 255)
			PSW |= F_V|F_VT;
		TMP = TMP % OP1;
		TMP = (TMP2 & 0xff) | ((TMP & 0xff) << 8);
		reg_w16(OP2, TMP);
	}
	else {
		PSW |= F_V | F_VT;
	}
	next_196(17, 16);

9e    divub indirect_2w
	PSW &= ~F_V;
	uint32_t d = any_r8(OP1);
	if(d) {
		TMP = reg_r16(OP2);
		uint32_t TMP2 = TMP / d;
		if(TMP2 > 255)
			PSW |= F_V|F_VT;
		TMP = TMP % d;
		TMP = (TMP2 & 0xff) | ((TMP & 0xff) << 8);
		reg_w16(OP2, TMP);
	}
	else {
		PSW |= F_V | F_VT;
	}
	post_indirect_196 1 20 21 18 19 21 22

9f    divub indexed_2w
	PSW &= ~F_V;
	uint32_t d = any_r8(OP1);
	if(d) {
		TMP = reg_r16(OP2);
		uint32_t TMP2 = TMP / d;
		if(TMP2 > 255)
			PSW |= F_V|F_VT;
		TMP = TMP % d;
		TMP = (TMP2 & 0xff) | ((TMP & 0xff) << 8);
		reg_w16(OP2, TMP);
	}
	else {
		PSW |= F_V | F_VT;
	}
	post_indexed_196 20 21 19 20 22 23

fe9c  divb  direct_2e
	PSW &= ~F_V;
	OP1 = reg_r8(OP1);
	if(OP1) {
		TMP = reg_r16(OP2);
		uint32_t TMP2 = int16_t(TMP) / int8_t(OP1);
		if(int16_t(TMP2) > 127 || int16_t(TMP2) < -128)
			PSW |= F_V|F_VT;
		TMP = int16_t(TMP) % int8_t(OP1);
		TMP = (TMP2 & 0xff) | ((TMP & 0xff) << 8);
		reg_w16(OP2, TMP);
	}
	else {
		PSW |= F_V | F_VT;
	}
	next_196(21, 18);

fe9d  divb  immed_2e
	PSW &= ~F_V;
	if(OP1) {
		TMP = reg_r16(OP2);
		uint32_t TMP2 = int16_t(TMP) / int8_t(OP1);
		if(int16_t(TMP2) > 127 || int16_t(TMP2) < -128)
			PSW |= F_V|F_VT;
		TMP = int16_t(TMP) % int8_t(OP1);
		TMP = (TMP2 & 0xff) | ((TMP & 0xff) << 8);
		reg_w16(OP2, TMP);
	}
	else {
		PSW |= F_V | F_VT;
	}
	next_196(21, 18);

fe9e  divb  indirect_2w
	PSW &= ~F_V;
	int32_t d = int8_t(any_r8(OP1));
	if(d) {
		TMP = reg_r16(OP2);
		uint32_t TMP2 = int16_t(TMP) / d;
		if(int16_t(TMP2) > 127 || int16_t(TMP2) < -128)
			PSW |= F_V|F_VT;
		TMP = int16_t(TMP) % d;
		TMP = (TMP2 & 0xff) | ((TMP & 0xff) << 8);
		reg_w16(OP2, TMP);
	}
	else {
		PSW |= F_V | F_VT;
	}
	post_indirect_196 1 24 25 20 21 23 24

fe9f  divb  indexed_2w
	PSW &= ~F_V;
	int32_t d = int8_t(any_r8(OP1));
	if(d) {
		TMP = reg_r16(OP2);
		uint32_t TMP2 = int16_t(TMP) / d;
		if(int16_t(TMP2) > 127 || int16_t(TMP2) < -128)
			PSW |= F_V|F_VT;
		TMP = int16_t(TMP) % d;
		TMP = (TMP2 & 0xff) | ((TMP & 0xff) << 8);
		reg_w16(OP2, TMP);
	}
	else {
		PSW |= F_V | F_VT;
	}
	post_indexed_196 24 25 21 22 24 25

a0    ld    direct_2w
	reg_w16(OP2, reg_r16(OP1));
	next(4);

a1    ld    immed_2w
	reg_w16(OP2, OP1);
	next(5);

a2    ld    indirect_2w
	reg_w16(OP2, any_r16(OP1));
	post_indirect_196 2 6 7 5 6 8 8

a3    ld    indexed_2w
	reg_w16(OP2, any_r16(OP1));
	post_indexed_196 6 7 6 7 9 10

a4    addc  direct_2w
	TMP = reg_r16(OP1);
	TMP = do_addc(reg_r16(OP2), TMP);
	reg_w16(OP2, TMP);
	next(4);

a5    addc  immed_2w
	TMP = do_addc(reg_r16(OP2), OP1);
	reg_w16(OP2, TMP);
	next(5);

a6    addc  indirect_2w
	TMP = any_r16(OP1);
	TMP = do_addc(reg_r16(OP2), TMP);
	reg_w16(OP2, TMP);
	post_indirect 2 6 7 // +5 when external

a7    addc  indexed_2w
	TMP = any_r16(OP1);
	TMP = do_addc(reg_r16(OP2), TMP);
	reg_w16(OP2, TMP);
	post_indexed 6 7 // +5 when external

a8    subc  direct_2w
	TMP = reg_r16(OP1);
	TMP = do_subc(reg_r16(OP2), TMP);
	reg_w16(OP2, TMP);
	next(4);

a9    subc  immed_2w
	TMP = do_subc(reg_r16(OP2), OP1);
	reg_w16(OP2, TMP);
	next(5);

aa    subc  indirect_2w
	TMP = any_r16(OP1);
	TMP = do_subc(reg_r16(OP2), TMP);
	reg_w16(OP2, TMP);
	post_indirect 2 6 7 // +5 when external

ab    subc  indexed_2w
	TMP = any_r16(OP1);
	TMP = do_subc(reg_r16(OP2), TMP);
	reg_w16(OP2, TMP);
	post_indexed 6 7 // +5 when external

ac    ldbze direct_2e
	reg_w16(OP2, uint8_t(reg_r8(OP1)));
	next(4);

ad    ldbze immed_2e
	reg_w16(OP2, uint8_t(OP1));
	next(4);

ae    ldbze indirect_2w
	reg_w16(OP2, uint8_t(any_r8(OP1)));
	post_indirect_196 1 6 7 5 6 8 8

af    ldbze indexed_2w
	reg_w16(OP2, uint8_t(any_r8(OP1)));
	post_indexed_196 6 7 6 7 9 10

b0    ldb   direct_2b
	reg_w8(OP2, reg_r8(OP1));
	next(4);

b1    ldb   immed_2b
	reg_w8(OP2, OP1);
	next(4);

b2    ldb   indirect_2b
	reg_w8(OP2, any_r8(OP1));
	post_indirect_196 1 6 7 5 6 8 8

b3    ldb   indexed_2b
	reg_w8(OP2, any_r8(OP1));
	post_indexed_196 6 7 6 7 9 10

b4    addcb direct_2b
	TMP = reg_r8(OP1);
	TMP = do_addcb(reg_r8(OP2), TMP);
	reg_w8(OP2, TMP);
	next(4);

b5    addcb immed_2b
	TMP = do_addcb(reg_r8(OP2), OP1);
	reg_w8(OP2, TMP);
	next(4);

b6    addcb indirect_2b
	TMP = any_r8(OP1);
	TMP = do_addcb(reg_r8(OP2), TMP);
	reg_w8(OP2, TMP);
	post_indirect 1 6 7 // +5 when external

b7    addcb indexed_2b
	TMP = any_r8(OP1);
	TMP = do_addcb(reg_r8(OP2), TMP);
	reg_w8(OP2, TMP);
	post_indexed 6 7 // +5 when external

b8    subcb direct_2b
	TMP = reg_r8(OP1);
	TMP = do_subcb(reg_r8(OP2), TMP);
	reg_w8(OP2, TMP);
	next(4);

b9    subcb immed_2b
	TMP = do_subcb(reg_r8(OP2), OP1);
	reg_w8(OP2, TMP);
	next(4);

ba    subcb indirect_2b
	TMP = any_r8(OP1);
	TMP = do_subcb(reg_r8(OP2), TMP);
	reg_w8(OP2, TMP);
	post_indirect 1 6 7 // +5 when external

bb    subcb indexed_2b
	TMP = any_r8(OP1);
	TMP = do_subcb(reg_r8(OP2), TMP);
	reg_w8(OP2, TMP);
	post_indexed 6 7 // +5 when external

bc    ldbse direct_2e
	reg_w16(OP2, int8_t(reg_r8(OP1)));
	next(4);

bd    ldbse immed_2e
	reg_w16(OP2, int8_t(OP1));
	next(4);

be    ldbse indirect_2w
	reg_w16(OP2, int8_t(any_r8(OP1)));
	post_indirect_196 1 6 7 5 6 8 8

bf    ldbse indexed_2w
	reg_w16(OP2, int8_t(any_r8(OP1)));
	post_indexed_196 6 7 6 7 9 10

c0    st    direct_2w
	reg_w16(OP1, reg_r16(OP2));
	next(4);

c1    bmov  direct_2w 196
	OP2 &= 0xfc;
	u32 count = reg_r16(OP1);
	if(!count)
		count = 0x10000;
	u16 source = reg_r16(OP2);
	u16 destination = reg_r16(OP2+2);
	u32 cycles = 6;
	while(count--) {
		const u16 value = any_r16(source);
		any_w16(destination, value);
		cycles += source < 0x100 ? (destination < 0x100 ? 8 : 11) : (destination < 0x100 ? 11 : 14);
		source += 2;
		destination += 2;
	}
	reg_w16(OP2, source);
	reg_w16(OP2+2, destination);
	next(int(cycles));
c2    st    indirect_2w
	any_w16(OP1, reg_r16(OP2));
	post_indirect_196 2 7 8 5 6 8 9

c3    st    indexed_2w
	any_w16(OP1, reg_r16(OP2));
	post_indexed_196 7 8 6 7 9 10

c4    stb   direct_2b
	reg_w8(OP1, reg_r8(OP2));
	next(4);

c5    cmpl  direct_2w 196
	TMP = reg_r32(OP1);
	do_sub32(reg_r32(OP2), TMP);
	next(7);

c6    stb   indirect_2b
	any_w8(OP1, reg_r8(OP2));
	post_indirect_196 1 7 8 5 6 8 9

c7    stb   indexed_2b
	any_w8(OP1, reg_r8(OP2));
	post_indexed_196 7 8 6 7 9 10

c8    push  direct_1w
	TMP = reg_r16(0x18);
	const u16 old_sp = TMP;
	TMP -= 2;
	reg_w16(0x18, TMP);
	OP1 = !is_196() && (OP1 & 0xfe) == 0x18 ? old_sp : reg_r16(OP1);
	any_w16(TMP, OP1);
	next_196(8, TMP < 0x100 ? 6 : 8);

c9    push  immed_1w
	TMP = reg_r16(0x18);
	TMP -= 2;
	reg_w16(0x18, TMP);
	any_w16(TMP, OP1);
	next_196(8, TMP < 0x100 ? 7 : 9);

ca    push  indirect_1w
	TMP = reg_r16(0x18);
	TMP -= 2;
	if(is_196() && (OPI & 0xfe) == 0x18)
		OP1 -= 2;
	const bool external_stack = TMP >= 0x100;
	const bool external_operand = OP1 >= 0x100;
	reg_w16(0x18, TMP);
	uint16_t val = any_r16(OP1);
	any_w16(TMP, val);
	if(OPI & 0x01)
		reg_w16(OPI, OP1 + 2);
	next_196(OPI & 0x01 ? 12 : 11, (OPI & 0x01 ? 10 : 9) + (external_stack ? 2 : 0) + (external_operand ? 3 : 0));

cb    push  indexed_1w
	TMP = reg_r16(0x18);
	TMP -= 2;
	if(is_196() && (OPI & 0xfe) == 0x18)
		OP1 -= 2;
	const bool external_stack = TMP >= 0x100;
	const bool external_operand = OP1 >= 0x100;
	reg_w16(0x18, TMP);
	OP1 = any_r16(OP1);
	any_w16(TMP, OP1);
	next_196(OPI & 0x01 ? 12 : 11, (OPI & 0x01 ? 11 : 10) + (external_stack ? 2 : 0) + (external_operand ? 3 : 0));

cc    pop   direct_1w
	TMP = reg_r16(0x18);
	const bool external_stack = TMP >= 0x100;
	reg_w16(0x18, TMP+2);
	TMP = any_r16(TMP);
	reg_w16(OP1, TMP);
	next_196(12, external_stack ? 11 : 8);

ce    pop   indirect_1w
	TMP = reg_r16(0x18);
	reg_w16(0x18, TMP+2);
	TMP = any_r16(TMP);
	any_w16(OP1, TMP);
	post_indirect 2 14 14

ce    pop   indirect_1w 196
	TMP = reg_r16(0x18);
	const bool external_stack = TMP >= 0x100;
	reg_w16(0x18, TMP+2);
	TMP = any_r16(TMP);
	if((OPI & 0xfe) == 0x18)
		OP1 += 2;
	const bool external_operand = OP1 >= 0x100;
	any_w16(OP1, TMP);
	if(OPI & 0x01)
		reg_w16(OPI, OP1 + 2);
	next_196(14, (OPI & 0x01 ? 11 : 10) + (external_stack ? 3 : 0) + (external_operand ? 2 : 0));

cf    pop   indexed_1w
	TMP = reg_r16(0x18);
	reg_w16(0x18, TMP+2);
	TMP = any_r16(TMP);
	any_w16(OP1, TMP);
	post_indexed 14 14

cf    pop   indexed_1w 196
	TMP = reg_r16(0x18);
	const bool external_stack = TMP >= 0x100;
	reg_w16(0x18, TMP+2);
	TMP = any_r16(TMP);
	if((OPI & 0xfe) == 0x18)
		OP1 += 2;
	const bool external_operand = OP1 >= 0x100;
	any_w16(OP1, TMP);
	next_196(14, (OPI & 0x01 ? 12 : 11) + (external_stack ? 3 : 0) + (external_operand ? 2 : 0));

d0    jnst  rel8
	if(!(PSW & F_ST)) {
		PC += OP1;
		next(8);
	} else {
		next(4);
	}

d1    jnh   rel8
	if((PSW & (F_C|F_Z)) != F_C) {
		PC += OP1;
		next(8);
	} else {
		next(4);
	}

d2    jgt   rel8
	if(!(PSW & (F_Z|F_N))) {
		PC += OP1;
		next(8);
	} else {
		next(4);
	}

d3    jnc   rel8
	if(!(PSW & F_C)) {
		PC += OP1;
		next(8);
	} else {
		next(4);
	}

d4    jnvt  rel8
	if(!(PSW & F_VT)) {
		PC += OP1;
		next(8);
	} else {
		PSW &= ~F_VT;
		next(4);
	}

d5    jnv   rel8
	if(!(PSW & F_V)) {
		PC += OP1;
		next(8);
	} else {
		next(4);
	}

d6    jge   rel8
	if(!(PSW & F_N)) {
		PC += OP1;
		next(8);
	} else {
		next(4);
	}

d7    jne   rel8
	if(!(PSW & F_Z)) {
		PC += OP1;
		next(8);
	} else {
		next(4);
	}

d8    jst   rel8
	if(PSW & F_ST) {
		PC += OP1;
		next(8);
	} else {
		next(4);
	}

d9    jh    rel8
	if((PSW & (F_C|F_Z)) == F_C) {
		PC += OP1;
		next(8);
	} else {
		next(4);
	}

da    jle   rel8
	if(PSW & (F_Z|F_N)) {
		PC += OP1;
		next(8);
	} else {
		next(4);
	}

db    jc    rel8
	if(PSW & F_C) {
		PC += OP1;
		next(8);
	} else {
		next(4);
	}

dc    jvt   rel8
	if(PSW & F_VT) {
		PSW &= ~F_VT;
		PC += OP1;
		next(8);
	} else {
		next(4);
	}

dd    jv    rel8
	if(PSW & F_V) {
		PC += OP1;
		next(8);
	} else {
		next(4);
	}

de    jlt   rel8
	if(PSW & F_N) {
		PC += OP1;
		next(8);
	} else {
		next(4);
	}

df    je    rel8
	if(PSW & F_Z) {
		PC += OP1;
		next(8);
	} else {
		next(4);
	}

e0    djnz  rrel8
	TMP = reg_r8(OP2);
	TMP = uint8_t(TMP-1);
	reg_w8(OP2, TMP);
	if(TMP) {
		PC += OP1;
		next(9);
	} else {
		next(5);
	}

e1    djnzw wrrel8 196
	TMP = reg_r16(OP2);
	TMP = TMP-1;
	reg_w16(OP2, TMP);
	if(TMP) {
		PC += OP1;
		next(9);
	} else {
		next(5);
	}

e3    br    indirect_1n
	PC = OP1;
	next_196(8, 7);

e7    ljmp  rel16
	PC += OP1;
	next_196(8, 7);

ef    lcall rel16
	TMP = reg_r16(0x18);
	TMP -= 2;
	reg_w16(0x18, TMP);
	any_w16(TMP, PC);
	PC += OP1;
	next_196(13, TMP < 0x100 ? 11 : 13);

f0    ret   none
	TMP = reg_r16(0x18);
	const bool external_stack = TMP >= 0x100;
	reg_w16(0x18, TMP+2);
	PC = any_r16(TMP);
	next_196(12, external_stack ? 14 : 11);

f2    pushf none
	TMP = reg_r16(0x18);
	TMP -= 2;
	reg_w16(0x18, TMP);
	any_w16(TMP, PSW);
	PSW = 0x0000;
	check_irq();
	next_noirq_196(8, TMP < 0x100 ? 6 : 8);

f3    popf  none
	TMP = reg_r16(0x18);
	const bool external_stack = TMP >= 0x100;
	reg_w16(0x18, TMP+2);
	PSW = any_r16(TMP);
	check_irq();
	next_noirq_196(9, external_stack ? 10 : 7);

f4    pusha none 196
	const bool external_stack = reg_r16(0x18) > 0x100;
	TMP = reg_r16(0x18);
	TMP -= 2;
	reg_w16(0x18, TMP);
	any_w16(TMP, PSW);
	PSW = 0x0000;
	TMP = reg_r16(0x18);
	TMP -= 2;
	reg_w16(0x18, TMP);
	any_w16(TMP, mask_irq_1 | (u16(wsr_r()) << 8));
	mask_irq_1 = 0x00;
	check_irq();
	next_noirq(external_stack ? 18 : 12);

f5    popa  none 196
	TMP = reg_r16(0x18);
	const bool external_stack = TMP >= 0x100;
	reg_w16(0x18, TMP+2);
	OP1 = any_r16(TMP);
	mask_irq_1 = OP1;
	wsr_w(OP1 >> 8);
	TMP = reg_r16(0x18);
	reg_w16(0x18, TMP+2);
	PSW = any_r16(TMP);
	check_irq();
	next_noirq(external_stack ? 18 : 12);

f6    idlpd immed_1b 196
	if(OP1 == 1) {
		idle = true;
		next(8);
	} else if(OP1 == 2) {
		next(8);
		enter_powerdown();
	} else {
		device_reset();
		next_noirq(25);
	}

f7    trap  none
	TMP = reg_r16(0x18);
	TMP -= 2;
	reg_w16(0x18, TMP);
	any_w16(TMP, PC);
	PC  = any_r16(0x2010);
	next_noirq_196(21, TMP < 0x100 ? 16 : 18);

f8    clrc  none
	PSW &= ~F_C;
	next_196(4, 2);

f9    setc  none
	PSW |= F_C;
	next_196(4, 2);

fa    di    none
	PSW &= ~F_I;
	check_irq();
	next_noirq_196(4, 2);

fb    ei    none
	PSW |= F_I;
	check_irq();
	next_noirq_196(4, 2);

fc    clrvt none
	PSW &= ~F_VT;
	next_196(4, 2);

fd    nop   none
	next_196(4, 2);

ff    rst   none
	device_reset();
	next_noirq_196(4, 15);
